Microsoft (R) Macro Assembler Version 5.10                  1/1/2
                                                             Page     1-1


				;*****************************************
				;     MDA-Win8086 EXPERIMENT PROGRAM    *
				;     FILENAME  : BIT.ASM
				;     PROCESSOR : I8086
				;*****************************************
 0000					CODE	SEGMENT
					ASSUME	CS:CODE,DS:CODE,ES:CODE,SS:CODE
 1000					ORG	1000H
 1000  B0 5A				MOV	AL,01011010B
 1002  24 F0				AND	AL,11110000B
 1004  0C 0A				OR	AL,00001010B
 1006  34 5F				XOR	AL,01011111B
 1008  F6 D0				NOT	AL
 100A  FE C0				INC	AL
					;
 100C  BB 39AB				MOV	BX,39ABH
 100F  8A C3				MOV	AL,BL
 1011  0C 0F				OR	AL,0FH
 1013  22 C7				AND	AL,BH
					;
 1015  80 E3 0F				AND	BL,0FH
 1018  0A C3				OR	AL,BL
					;
 101A  CC				INT	3
					;
 101B				CODE	ENDS
					END
Microsoft (R) Macro Assembler Version 5.10                  1/1/2
                                                             Symbols-1


Segments and Groups:

                N a m e         	Length	 Align	Combine Class

CODE . . . . . . . . . . . . . .  	101B	PARA	NONE	

Symbols:            

                N a m e         	Type	 Value	 Attr

@CPU . . . . . . . . . . . . . .  	TEXT  0101h		
@FILENAME  . . . . . . . . . . .  	TEXT  BIT		
@VERSION . . . . . . . . . . . .  	TEXT  510		


     27 Source  Lines
     27 Total   Lines
      6 Symbols

  47266 + 447018 Bytes symbol space free

      0 Warning Errors
      0 Severe  Errors
